Microchip MPLAB XC8 Compiler V2.45

Linker command line:

-W-3 \
  --edf=C:\Program Files\Microchip\xc8\v2.45\pic\dat\20230818022343_en.msgs \
  -cn -h+dist/default/production\proje.X.production.sym \
  --cmf=dist/default/production\proje.X.production.cmf -z -Q16F877A \
  -oC:\Users\furkan\AppData\Local\Temp\xcAs22m0.\driver_tmp_3.obj \
  -Mdist/default/production/proje.X.production.map \
  --md=C:\Users\furkan\AppData\Local\Temp\xcAs22m0.\driver_tmp_0.dat -E1 \
  -ver=XC8 Compiler -ACODE=00h-07FFhx4 -ASTRCODE=00h-01FFFh \
  -ASTRING=00h-0FFhx32 -ACONST=00h-0FFhx32 -AENTRY=00h-0FFhx32 \
  -ACOMMON=070h-07Fh -ABANK0=020h-06Fh -ABANK1=0A0h-0EFh \
  -ABANK2=0110h-016Fh -ABANK3=0190h-01EFh \
  -ARAM=020h-06Fh,0A0h-0EFh,0110h-016Fh,0190h-01EFh \
  -AABS1=020h-07Fh,0A0h-0EFh,0110h-016Fh,0190h-01EFh -ASFR0=00h-01Fh \
  -ASFR1=080h-09Fh -ASFR2=0100h-010Fh -ASFR3=0180h-018Fh \
  -ACONFIG=02007h-02007h -DCONFIG=2 -AIDLOC=02000h-02003h -DIDLOC=2 \
  -AEEDATA=00h-0FFh/02100h -peeprom_data=EEDATA -DEEDATA=2 -DCODE=2 \
  -DSTRCODE=2 -DSTRING=2 -DCONST=2 -DENTRY=2 \
  -preset_vec=00h,intentry,init,end_init -ppowerup=CODE -pcinit=CODE \
  -pfunctab=ENTRY -k \
  C:\Users\furkan\AppData\Local\Temp\xcAs22m0.\driver_tmp_19.obj \
  dist/default/production\proje.X.production.obj 

Object code version is 3.11

Machine type is 16F877A



                Name                               Link     Load   Length Selector   Space Scale
C:\Users\furkan\AppData\Local\Temp\xcAs22m0.\driver_tmp_19.obj
                end_init                              0        0        3        0       0
                config                             2007     2007        1        0       4
dist/default/production\proje.X.production.obj
                cinit                               7FC      7FC        4      FF8       0
                config                             2007     2007        1        0       4
                text30                              ABE      ABE       6C     157C       0
                text29                             16E6     16E6       1D     2DCC       0
                text28                              8C7      8C7       18     118E       0
                text27                             17A8     17A8       2B     2F50       0
                text26                             1697     1697        6     2D2E       0
                text25                             16D2     16D2       14     2DA4       0
                text24                             16A5     16A5        E     2D4A       0
                text23                              8DF      8DF       3B     11BE       0
                text22                              9B1      9B1       56     1362       0
                text21                             17D3     17D3       2D     2FA6       0
                text20                             169D     169D        8     2D3A       0
                text19                              CE8      CE8       FC     19D0       0
                text18                             1703     1703       1D     2E06       0
                text17                              B2A      B2A       77     1654       0
                text16                              A60      A60       5E     14C0       0
                text15                              965      965       4C     12CA       0
                text14                             1781     1781       27     2F02       0
                text13                             173F     173F       21     2E7E       0
                text12                              EEE      EEE      112     1DDC       0
                text11                              BA1      BA1       A1     1742       0
                text10                             16C1     16C1       11     2D82       0
                text9                               C42      C42       A6     1884       0
                text8                              1760     1760       21     2EC0       0
                text7                              1720     1720       1F     2E40       0
                text6                                 6        6      13E        C       0
                text5                              16B3     16B3        E     2D66       0
                text4                               A07      A07       59     140E       0
                text3                               91A      91A       4B     1234       0
                text2                               144      144      257      288       0
                text1                               39B      39B      461      736       0
                maintext                            DE4      DE4      10A     1BC8       0
                cstackBANK0                          20       20       4F       20       1
                cstackCOMMON                         70       70        E       70       1
                cstackBANK1                          A0       A0       11       A0       1
                strings                             800      800       C4     1000       0

TOTAL           Name                               Link     Load   Length     Space
        CLASS   CODE           
                end_init                              0        0        3         0
                cinit                               7FC      7FC        4         0
                text30                              ABE      ABE       6C         0
                text29                             16E6     16E6       1D         0
                text28                              8C7      8C7       18         0
                text27                             17A8     17A8       2B         0
                text26                             1697     1697        6         0
                text25                             16D2     16D2       14         0
                text24                             16A5     16A5        E         0
                text23                              8DF      8DF       3B         0
                text22                              9B1      9B1       56         0
                text21                             17D3     17D3       2D         0
                text20                             169D     169D        8         0
                text19                              CE8      CE8       FC         0
                text18                             1703     1703       1D         0
                text17                              B2A      B2A       77         0
                text16                              A60      A60       5E         0
                text15                              965      965       4C         0
                text14                             1781     1781       27         0
                text13                             173F     173F       21         0
                text12                              EEE      EEE      112         0
                text11                              BA1      BA1       A1         0
                text10                             16C1     16C1       11         0
                text9                               C42      C42       A6         0
                text8                              1760     1760       21         0
                text7                              1720     1720       1F         0
                text6                                 6        6      13E         0
                text5                              16B3     16B3        E         0
                text4                               A07      A07       59         0
                text3                               91A      91A       4B         0
                text2                               144      144      257         0
                text1                               39B      39B      461         0
                maintext                            DE4      DE4      10A         0

        CLASS   STRCODE        

        CLASS   STRING         
                strings                             800      800       C4         0

        CLASS   CONST          

        CLASS   ENTRY          

        CLASS   COMMON         
                cstackCOMMON                         70       70        E         1

        CLASS   BANK0          
                cstackBANK0                          20       20       4F         1

        CLASS   BANK1          
                cstackBANK1                          A0       A0       11         1

        CLASS   BANK2          

        CLASS   BANK3          

        CLASS   RAM            

        CLASS   ABS1           
                abs_s1                               7E       7E        2         1

        CLASS   SFR0           

        CLASS   SFR1           

        CLASS   SFR2           

        CLASS   SFR3           

        CLASS   CONFIG         
                config                             2007     2007        1         4

        CLASS   IDLOC          

        CLASS   EEDATA         

        CLASS   HEAP           

        CLASS   STACK          



SEGMENTS        Name                           Load    Length   Top    Selector   Space  Class     Delta

                reset_vec                      000000  000003  000003         0       0  CODE        2
                text6                          000006  00013E  000144         C       0  CODE        2
                cstackBANK0                    000020  00004F  00006F        20       1  BANK0       1
                cstackCOMMON                   000070  00000E  00007E        70       1  COMMON      1
                cstackBANK1                    0000A0  000011  0000B1        A0       1  BANK1       1
                text2                          000144  000257  00039B       288       0  CODE        2
                text1                          00039B  000461  0007FC       736       0  CODE        2
                cinit                          0007FC  000004  000800       FF8       0  CODE        2
                strings                        000800  0000C4  0008C4      1000       0  STRING      2
                text28                         0008C7  000018  0008DF      118E       0  CODE        2
                text23                         0008DF  00003B  00091A      11BE       0  CODE        2
                text3                          00091A  00004B  000965      1234       0  CODE        2
                text15                         000965  00004C  0009B1      12CA       0  CODE        2
                text22                         0009B1  000056  000A07      1362       0  CODE        2
                text4                          000A07  000059  000A60      140E       0  CODE        2
                text16                         000A60  00005E  000ABE      14C0       0  CODE        2
                text30                         000ABE  00006C  000B2A      157C       0  CODE        2
                text17                         000B2A  000077  000BA1      1654       0  CODE        2
                text11                         000BA1  0000A1  000C42      1742       0  CODE        2
                text9                          000C42  0000A6  000CE8      1884       0  CODE        2
                text19                         000CE8  0000FC  000DE4      19D0       0  CODE        2
                maintext                       000DE4  00010A  000EEE      1BC8       0  CODE        2
                text12                         000EEE  000112  001000      1DDC       0  CODE        2
                text26                         001697  000006  00169D      2D2E       0  CODE        2
                text20                         00169D  000008  0016A5      2D3A       0  CODE        2
                text24                         0016A5  00000E  0016B3      2D4A       0  CODE        2
                text5                          0016B3  00000E  0016C1      2D66       0  CODE        2
                text10                         0016C1  000011  0016D2      2D82       0  CODE        2
                text25                         0016D2  000014  0016E6      2DA4       0  CODE        2
                text29                         0016E6  00001D  001703      2DCC       0  CODE        2
                text18                         001703  00001D  001720      2E06       0  CODE        2
                text7                          001720  00001F  00173F      2E40       0  CODE        2
                text13                         00173F  000021  001760      2E7E       0  CODE        2
                text8                          001760  000021  001781      2EC0       0  CODE        2
                text14                         001781  000027  0017A8      2F02       0  CODE        2
                text27                         0017A8  00002B  0017D3      2F50       0  CODE        2
                text21                         0017D3  00002D  001800      2FA6       0  CODE        2


UNUSED ADDRESS RANGES

        Name                Unused          Largest block    Delta
        BANK0            006F-006F              1           1
        BANK1            00B1-00EF             3F           1
        BANK2            0110-016F             60           1
        BANK3            0190-01EF             60           1
        CODE             0003-0005              3           2
                         08C4-08C6              3
                         1000-1696            697
                         1800-1FFF            800
        CONST            0003-0005              3           2
                         08C4-08C6              3
                         1000-1696            100
                         1800-1FFF            100
        EEDATA           2100-21FF            100           2
        ENTRY            0003-0005              3           2
                         08C4-08C6              3
                         1000-1696            100
                         1800-1FFF            100
        IDLOC            2000-2003              4           2
        RAM              006F-006F              1           1
                         00B1-00EF             3F
                         0110-016F             60
                         0190-01EF             60
        SFR0             0000-001F             20           1
        SFR1             0080-009F             20           1
        SFR2             0100-010F             10           1
        SFR3             0180-018F             10           1
        STRCODE          0003-0005              3           2
                         08C4-08C6              3
                         1000-1696            697
                         1800-1FFF            800
        STRING           0003-0005              3           2
                         08C4-08C6              3
                         1000-1696            100
                         1800-1FFF            100

                                  Symbol Table

?___awdiv                   cstackCOMMON 0076
?___awmod                   cstackCOMMON 0070
?___awtoft                  cstackCOMMON 0078
?___ftadd                   cstackBANK0  003C
?___ftmul                   cstackBANK0  0023
?___ftneg                   cstackCOMMON 0070
?___ftpack                  cstackCOMMON 0070
?___ftsub                   cstackBANK0  0048
?___fttol                   cstackBANK0  0039
?___lldiv                   cstackCOMMON 0070
?___llmod                   cstackCOMMON 0070
?___lltoft                  cstackCOMMON 0078
?___wmul                    cstackCOMMON 0070
?__div_to_l_                cstackCOMMON 0070
?__tdiv_to_l_               cstackCOMMON 0070
?_fround                    cstackBANK0  0032
?_scale                     cstackBANK0  0032
?_sprintf                   cstackBANK0  004E
_ADCON0                     (abs)        001F
_ADCON0bits                 (abs)        001F
_ADCON1                     (abs)        009F
_ADRESH                     (abs)        001E
_ADRESL                     (abs)        009E
_CCP1CON                    (abs)        0017
_PORTA                      (abs)        0005
_PORTB                      (abs)        0006
_PORTC                      (abs)        0007
_PORTD                      (abs)        0008
_PR2                        (abs)        0092
_RB0                        (abs)        0030
_RB1                        (abs)        0031
_RB2                        (abs)        0032
_RB5                        (abs)        0035
_RB6                        (abs)        0036
_RB7                        (abs)        0037
_RC3                        (abs)        003B
_RC4                        (abs)        003C
_RC5                        (abs)        003D
_RC6                        (abs)        003E
_T2CON                      (abs)        0012
_TMR2                       (abs)        0011
_TRISA                      (abs)        0085
_TRISB                      (abs)        0086
_TRISC                      (abs)        0087
_TRISD                      (abs)        0088
__H__absolute__             __absolute__ 0000
__Habs1                     abs1         0000
__Hbank0                    bank0        0000
__Hbank1                    bank1        0000
__Hbank2                    bank2        0000
__Hbank3                    bank3        0000
__Hcinit                    cinit        0800
__Hclrtext                  clrtext      0000
__Hcode                     code         0000
__Hcommon                   common       0000
__Hconfig                   config       2008
__HcstackBANK0              cstackBANK0  0000
__HcstackBANK1              cstackBANK1  0000
__HcstackCOMMON             cstackCOMMON 0000
__Heeprom_data              eeprom_data  0000
__Hend_init                 end_init     0003
__Hfunctab                  functab      0000
__Hheap                     heap         0000
__Hinit                     init         0000
__Hintentry                 intentry     0000
__Hmaintext                 maintext     0000
__Hpowerup                  powerup      0000
__Hram                      ram          0000
__Hreset_vec                reset_vec    0000
__Hsfr0                     sfr0         0000
__Hsfr1                     sfr1         0000
__Hsfr2                     sfr2         0000
__Hsfr3                     sfr3         0000
__Hspace_0                  (abs)        1800
__Hspace_1                  (abs)        00B1
__Hspace_2                  (abs)        0000
__Hspace_3                  (abs)        0000
__Hspace_4                  (abs)        400F
__Hstack                    stack        0000
__Hstrings                  strings      0000
__Htext                     text         0000
__L__absolute__             __absolute__ 0000
__Labs1                     abs1         0000
__Lbank0                    bank0        0000
__Lbank1                    bank1        0000
__Lbank2                    bank2        0000
__Lbank3                    bank3        0000
__Lcinit                    cinit        07FC
__Lclrtext                  clrtext      0000
__Lcode                     code         0000
__Lcommon                   common       0000
__Lconfig                   config       0000
__LcstackBANK0              cstackBANK0  0000
__LcstackBANK1              cstackBANK1  0000
__LcstackCOMMON             cstackCOMMON 0000
__Leeprom_data              eeprom_data  0000
__Lend_init                 end_init     0000
__Lfunctab                  functab      0000
__Lheap                     heap         0000
__Linit                     init         0000
__Lintentry                 intentry     0000
__Lmaintext                 maintext     0000
__Lpowerup                  powerup      0000
__Lram                      ram          0000
__Lreset_vec                reset_vec    0000
__Lsfr0                     sfr0         0000
__Lsfr1                     sfr1         0000
__Lsfr2                     sfr2         0000
__Lsfr3                     sfr3         0000
__Lspace_0                  (abs)        0000
__Lspace_1                  (abs)        0000
__Lspace_2                  (abs)        0000
__Lspace_3                  (abs)        0000
__Lspace_4                  (abs)        0000
__Lstack                    stack        0000
__Lstrings                  strings      0000
__Ltext                     text         0000
__S0                        (abs)        1800
__S1                        (abs)        00B1
__S3                        (abs)        0000
___awdiv                    text4        0A07
___awdiv@counter            cstackCOMMON 007A
___awdiv@dividend           cstackCOMMON 0078
___awdiv@divisor            cstackCOMMON 0076
___awdiv@quotient           cstackCOMMON 007C
___awdiv@sign               cstackCOMMON 007B
___awmod                    text3        091A
___awmod@counter            cstackCOMMON 0074
___awmod@dividend           cstackCOMMON 0072
___awmod@divisor            cstackCOMMON 0070
___awmod@sign               cstackCOMMON 0075
___awtoft                   text29       16E6
___awtoft@c                 cstackCOMMON 0078
___awtoft@sign              cstackCOMMON 007B
___bmul                     text10       16C1
___bmul@multiplicand        cstackBANK0  0020
___bmul@multiplier          cstackBANK0  0022
___bmul@product             cstackBANK0  0021
___ftadd                    text19       0CE8
___ftadd@exp1               cstackBANK0  0047
___ftadd@exp2               cstackBANK0  0046
___ftadd@f1                 cstackBANK0  003C
___ftadd@f2                 cstackBANK0  003F
___ftadd@sign               cstackBANK0  0045
___ftge                     text21       17D3
___ftge@ff1                 cstackCOMMON 0070
___ftge@ff2                 cstackCOMMON 0073
___ftmul                    text9        0C42
___ftmul@cntr               cstackBANK0  0030
___ftmul@exp                cstackBANK0  002C
___ftmul@f1                 cstackBANK0  0023
___ftmul@f2                 cstackBANK0  0026
___ftmul@f3_as_product      cstackBANK0  002D
___ftmul@sign               cstackBANK0  0031
___ftneg                    text20       169D
___ftneg@f1                 cstackCOMMON 0070
___ftpack                   text30       0ABE
___ftpack@arg               cstackCOMMON 0070
___ftpack@exp               cstackCOMMON 0073
___ftpack@sign              cstackCOMMON 0074
___ftsub                    text18       1703
___ftsub@f1                 cstackBANK0  004B
___ftsub@f2                 cstackBANK0  0048
___fttol                    text17       0B2A
___fttol@exp1               cstackBANK0  0045
___fttol@f1                 cstackBANK0  0039
___fttol@lval               cstackBANK0  0041
___fttol@sign1              cstackBANK0  0040
___heap_hi                  (abs)        0000
___heap_lo                  (abs)        0000
___int_sp                   stack        0000
___int_stack_hi             stack        0000
___int_stack_lo             stack        0000
___latbits                  (abs)        0002
___lbdiv                    text8        1760
___lbdiv@counter            cstackCOMMON 0078
___lbdiv@dividend           cstackCOMMON 0077
___lbdiv@divisor            cstackCOMMON 0076
___lbdiv@quotient           cstackCOMMON 0079
___lbmod                    text7        1720
___lbmod@counter            cstackCOMMON 0074
___lbmod@dividend           cstackCOMMON 0073
___lbmod@divisor            cstackCOMMON 0070
___lbmod@rem                cstackCOMMON 0075
___lldiv                    text16       0A60
___lldiv@counter            cstackCOMMON 007D
___lldiv@dividend           cstackCOMMON 0074
___lldiv@divisor            cstackCOMMON 0070
___lldiv@quotient           cstackCOMMON 0079
___llmod                    text15       0965
___llmod@counter            cstackCOMMON 0079
___llmod@dividend           cstackCOMMON 0074
___llmod@divisor            cstackCOMMON 0070
___lltoft                   text14       1781
___lltoft@c                 cstackCOMMON 0078
___lltoft@exp               cstackCOMMON 007C
___sp                       stack        0000
___stack_hi                 stack        0000
___stack_lo                 stack        0000
___stackhi                  (abs)        0000
___stacklo                  (abs)        0000
___wmul                     text13       173F
___wmul@multiplicand        cstackCOMMON 0072
___wmul@multiplier          cstackCOMMON 0070
___wmul@product             cstackCOMMON 0074
__div_to_l_                 text12       0EEE
__div_to_l_@cntr            cstackBANK0  0024
__div_to_l_@exp1            cstackBANK0  0025
__div_to_l_@f1              cstackCOMMON 0070
__div_to_l_@f2              cstackCOMMON 0073
__div_to_l_@quot            cstackBANK0  0020
__end_of___awdiv            text4        0A60
__end_of___awmod            text3        0965
__end_of___awtoft           text29       1703
__end_of___bmul             text10       16D2
__end_of___ftadd            text19       0DE4
__end_of___ftge             text21       1800
__end_of___ftmul            text9        0CE8
__end_of___ftneg            text20       16A5
__end_of___ftpack           text30       0B2A
__end_of___ftsub            text18       1720
__end_of___fttol            text17       0BA1
__end_of___lbdiv            text8        1781
__end_of___lbmod            text7        173F
__end_of___lldiv            text16       0ABE
__end_of___llmod            text15       09B1
__end_of___lltoft           text14       17A8
__end_of___wmul             text13       1760
__end_of__div_to_l_         text12       1000
__end_of__initialization    cinit        07FC
__end_of__npowers_          strings      085E
__end_of__powers_           strings      0837
__end_of__stringtab         strings      0810
__end_of__tdiv_to_l_        text11       0C42
__end_of_bekle_milisaniye   text28       08DF
__end_of_dpowers            strings      0886
__end_of_ekran_temizle      text24       16B3
__end_of_fround             text6        0144
__end_of_imleci_ayarla      text25       16E6
__end_of_isdigit            text5        16C1
__end_of_komut_calistir     text27       17D3
__end_of_komut_gonder       text26       169D
__end_of_kutuphaneyi_baslat text23       091A
__end_of_main               maintext     0EEE
__end_of_metin_yaz          text22       0A07
__end_of_scale              text2        039B
__end_of_sprintf            text1        07FC
__initialization            cinit        07FC
__npowers_                  strings      0837
__pcstackBANK0              cstackBANK0  0020
__pcstackBANK1              cstackBANK1  00A0
__pcstackCOMMON             cstackCOMMON 0070
__pmaintext                 maintext     0DE4
__powers_                   strings      0810
__pstrings                  strings      0800
__ptext1                    text1        039B
__ptext10                   text10       16C1
__ptext11                   text11       0BA1
__ptext12                   text12       0EEE
__ptext13                   text13       173F
__ptext14                   text14       1781
__ptext15                   text15       0965
__ptext16                   text16       0A60
__ptext17                   text17       0B2A
__ptext18                   text18       1703
__ptext19                   text19       0CE8
__ptext2                    text2        0144
__ptext20                   text20       169D
__ptext21                   text21       17D3
__ptext22                   text22       09B1
__ptext23                   text23       08DF
__ptext24                   text24       16A5
__ptext25                   text25       16D2
__ptext26                   text26       1697
__ptext27                   text27       17A8
__ptext28                   text28       08C7
__ptext29                   text29       16E6
__ptext3                    text3        091A
__ptext30                   text30       0ABE
__ptext4                    text4        0A07
__ptext5                    text5        16B3
__ptext6                    text6        0006
__ptext7                    text7        1720
__ptext8                    text8        1760
__ptext9                    text9        0C42
__stringbase                strings      080F
__stringtab                 strings      0800
__tdiv_to_l_                text11       0BA1
__tdiv_to_l_@cntr           cstackBANK0  0024
__tdiv_to_l_@exp1           cstackBANK0  0025
__tdiv_to_l_@f1             cstackCOMMON 0070
__tdiv_to_l_@f2             cstackCOMMON 0073
__tdiv_to_l_@quot           cstackBANK0  0020
_bekle_milisaniye           text28       08C7
_dpowers                    strings      085E
_ekran_temizle              text24       16A5
_fround                     text6        0006
_fround$809                 cstackBANK0  0038
_fround$810                 cstackBANK0  0035
_imleci_ayarla              text25       16D2
_isdigit                    text5        16B3
_isdigit$621                cstackCOMMON 0070
_komut_calistir             text27       17A8
_komut_gonder               text26       1697
_kutuphaneyi_baslat         text23       08DF
_main                       maintext     0DE4
_metin_yaz                  text22       09B1
_scale                      text2        0144
_scale$811                  cstackBANK0  0035
_sprintf                    text1        039B
_sprintf$812                cstackBANK0  0058
bekle_milisaniye@i          cstackCOMMON 0073
bekle_milisaniye@milisaniye cstackCOMMON 0070
btemp                       (abs)        007E
end_of_initialization       cinit        07FC
fround@prec                 cstackBANK0  003B
imleci_ayarla@x             cstackCOMMON 0079
imleci_ayarla@y             cstackCOMMON 0078
intlevel0                   functab      0000
intlevel1                   functab      0000
intlevel2                   functab      0000
intlevel3                   functab      0000
intlevel4                   functab      0000
intlevel5                   functab      0000
isdigit@c                   cstackCOMMON 0071
komut_calistir@komut        cstackCOMMON 0076
komut_gonder@komut          cstackCOMMON 0077
main@adc_deger              cstackBANK1  00AF
main@voltaj_deger           cstackBANK1  00AC
main@voltaj_deger_char      cstackBANK1  00A2
metin_yaz@metin             cstackCOMMON 0075
reset_vec                   reset_vec    0000
scale@scl                   cstackBANK0  0038
sprintf@ap                  cstackBANK0  005B
sprintf@c                   cstackBANK0  006E
sprintf@eexp                cstackBANK0  0062
sprintf@f                   cstackBANK0  004E
sprintf@flag                cstackBANK0  005C
sprintf@fval                cstackBANK0  006B
sprintf@prec                cstackBANK0  0069
sprintf@sp                  cstackBANK0  0068
sprintf@tmpval              cstackBANK0  0064
sprintf@val                 cstackBANK0  005E
start                       init         0000
start_initialization        cinit        07FC
wtemp0                      (abs)        007E


MODULE INFORMATION

Module		Function		Class		Link	Load	Size
C:\Program Files\Microchip\xc8\v2.45\pic\sources\c90\common\ftge.c
		___ftge        		CODE           	17D3	0000	45

C:\Program Files\Microchip\xc8\v2.45\pic\sources\c90\common\ftge.c estimated size: 45

C:\Program Files\Microchip\xc8\v2.45\pic\sources\c90\common\awdiv.c
		___awdiv       		CODE           	0A07	0000	89

C:\Program Files\Microchip\xc8\v2.45\pic\sources\c90\common\awdiv.c estimated size: 89

C:\Program Files\Microchip\xc8\v2.45\pic\sources\c90\common\lbmod.c
		___lbmod       		CODE           	1720	0000	31

C:\Program Files\Microchip\xc8\v2.45\pic\sources\c90\common\lbmod.c estimated size: 31

C:\Program Files\Microchip\xc8\v2.45\pic\sources\c90\common\ftadd.c
		___ftadd       		CODE           	0CE8	0000	252

C:\Program Files\Microchip\xc8\v2.45\pic\sources\c90\common\ftadd.c estimated size: 252

C:\Program Files\Microchip\xc8\v2.45\pic\sources\c90\common\isdigit.c
		_isdigit       		CODE           	16B3	0000	14

C:\Program Files\Microchip\xc8\v2.45\pic\sources\c90\common\isdigit.c estimated size: 14

C:\Program Files\Microchip\xc8\v2.45\pic\sources\c90\common\awtoft.c
		___awtoft      		CODE           	16E6	0000	29

C:\Program Files\Microchip\xc8\v2.45\pic\sources\c90\common\awtoft.c estimated size: 29

C:\Program Files\Microchip\xc8\v2.45\pic\sources\c90\common\ftneg.c
		___ftneg       		CODE           	169D	0000	8

C:\Program Files\Microchip\xc8\v2.45\pic\sources\c90\common\ftneg.c estimated size: 8

C:\Program Files\Microchip\xc8\v2.45\pic\sources\c90\common\doprnt.c
		_scale         		CODE           	0144	0000	599
		_sprintf       		CODE           	039B	0000	1121
		_fround        		CODE           	0006	0000	318

C:\Program Files\Microchip\xc8\v2.45\pic\sources\c90\common\doprnt.c estimated size: 2038

C:\Program Files\Microchip\xc8\v2.45\pic\sources\c90\common\ftsub.c
		___ftsub       		CODE           	1703	0000	29

C:\Program Files\Microchip\xc8\v2.45\pic\sources\c90\common\ftsub.c estimated size: 29

C:\Program Files\Microchip\xc8\v2.45\pic\sources\c90\common\lltoft.c
		___lltoft      		CODE           	1781	0000	39

C:\Program Files\Microchip\xc8\v2.45\pic\sources\c90\common\lltoft.c estimated size: 39

C:\Program Files\Microchip\xc8\v2.45\pic\sources\c90\common\float.c
		___ftpack      		CODE           	0ABE	0000	108

C:\Program Files\Microchip\xc8\v2.45\pic\sources\c90\common\float.c estimated size: 108

C:\Program Files\Microchip\xc8\v2.45\pic\sources\c90\common\lbdiv.c
		___lbdiv       		CODE           	1760	0000	33

C:\Program Files\Microchip\xc8\v2.45\pic\sources\c90\common\lbdiv.c estimated size: 33

C:\Program Files\Microchip\xc8\v2.45\pic\sources\c90\common\llmod.c
		___llmod       		CODE           	0965	0000	76

C:\Program Files\Microchip\xc8\v2.45\pic\sources\c90\common\llmod.c estimated size: 76

C:\Program Files\Microchip\xc8\v2.45\pic\sources\c90\common\ftdivl.c
		__tdiv_to_l_   		CODE           	0BA1	0000	161

C:\Program Files\Microchip\xc8\v2.45\pic\sources\c90\common\ftdivl.c estimated size: 161

shared
		__stringtab    		STRING         	0800	0000	16
		__powers_      		STRING         	0810	0000	39
		_dpowers       		STRING         	085E	0000	40
		__npowers_     		STRING         	0837	0000	39
		__initialization		CODE           	07FC	0000	1

shared estimated size: 135

C:\Program Files\Microchip\xc8\v2.45\pic\sources\c90\common\Umul16.c
		___wmul        		CODE           	173F	0000	33

C:\Program Files\Microchip\xc8\v2.45\pic\sources\c90\common\Umul16.c estimated size: 33

C:\Program Files\Microchip\xc8\v2.45\pic\sources\c90\common\ftmul.c
		___ftmul       		CODE           	0C42	0000	166

C:\Program Files\Microchip\xc8\v2.45\pic\sources\c90\common\ftmul.c estimated size: 166

C:\Program Files\Microchip\xc8\v2.45\pic\sources\c90\common\awmod.c
		___awmod       		CODE           	091A	0000	75

C:\Program Files\Microchip\xc8\v2.45\pic\sources\c90\common\awmod.c estimated size: 75

LCD_library.c
		_ekran_temizle 		CODE           	16A5	0000	14
		_kutuphaneyi_baslat		CODE           	08DF	0000	59
		_metin_yaz     		CODE           	09B1	0000	86
		_bekle_milisaniye		CODE           	08C7	0000	24
		_komut_calistir		CODE           	17A8	0000	43
		_imleci_ayarla 		CODE           	16D2	0000	20
		_komut_gonder  		CODE           	1697	0000	6

LCD_library.c estimated size: 252

C:\Program Files\Microchip\xc8\v2.45\pic\sources\c90\common\fldivl.c
		__div_to_l_    		CODE           	0EEE	0000	274

C:\Program Files\Microchip\xc8\v2.45\pic\sources\c90\common\fldivl.c estimated size: 274

C:\Program Files\Microchip\xc8\v2.45\pic\sources\c90\common\__lldiv.c
		___lldiv       		CODE           	0A60	0000	94

C:\Program Files\Microchip\xc8\v2.45\pic\sources\c90\common\__lldiv.c estimated size: 94

main.c
		_main          		CODE           	0DE4	0000	266

main.c estimated size: 266

C:\Program Files\Microchip\xc8\v2.45\pic\sources\c90\common\Umul8.c
		___bmul        		CODE           	16C1	0000	17

C:\Program Files\Microchip\xc8\v2.45\pic\sources\c90\common\Umul8.c estimated size: 17

C:\Program Files\Microchip\xc8\v2.45\pic\sources\c90\common\fttol.c
		___fttol       		CODE           	0B2A	0000	119

C:\Program Files\Microchip\xc8\v2.45\pic\sources\c90\common\fttol.c estimated size: 119

