Microchip MPLAB XC8 Compiler V2.45

Linker command line:

-W-3 \
  --edf=C:\Program Files\Microchip\xc8\v2.45\pic\dat\20230818022343_en.msgs \
  -cn -h+dist/default/production\main.X.production.sym \
  --cmf=dist/default/production\main.X.production.cmf -z -Q16F877A \
  -oC:\Users\furkan\AppData\Local\Temp\xcAs2adg.\driver_tmp_3.obj \
  -Mdist/default/production/main.X.production.map \
  --md=C:\Users\furkan\AppData\Local\Temp\xcAs2adg.\driver_tmp_0.dat -E1 \
  -ver=XC8 Compiler -ACODE=00h-07FFhx4 -ASTRCODE=00h-01FFFh \
  -ASTRING=00h-0FFhx32 -ACONST=00h-0FFhx32 -AENTRY=00h-0FFhx32 \
  -ACOMMON=070h-07Fh -ABANK0=020h-06Fh -ABANK1=0A0h-0EFh \
  -ABANK2=0110h-016Fh -ABANK3=0190h-01EFh \
  -ARAM=020h-06Fh,0A0h-0EFh,0110h-016Fh,0190h-01EFh \
  -AABS1=020h-07Fh,0A0h-0EFh,0110h-016Fh,0190h-01EFh -ASFR0=00h-01Fh \
  -ASFR1=080h-09Fh -ASFR2=0100h-010Fh -ASFR3=0180h-018Fh \
  -ACONFIG=02007h-02007h -DCONFIG=2 -AIDLOC=02000h-02003h -DIDLOC=2 \
  -AEEDATA=00h-0FFh/02100h -peeprom_data=EEDATA -DEEDATA=2 -DCODE=2 \
  -DSTRCODE=2 -DSTRING=2 -DCONST=2 -DENTRY=2 \
  -preset_vec=00h,intentry,init,end_init -ppowerup=CODE -pcinit=CODE \
  -pfunctab=ENTRY -k \
  C:\Users\furkan\AppData\Local\Temp\xcAs2adg.\driver_tmp_13.obj \
  dist/default/production\main.X.production.obj 

Object code version is 3.11

Machine type is 16F877A



                Name                               Link     Load   Length Selector   Space Scale
C:\Users\furkan\AppData\Local\Temp\xcAs2adg.\driver_tmp_13.obj
                end_init                              0        0        3        0       0
                config                             2007     2007        1        0       4
dist/default/production\main.X.production.obj
                cinit                               7FC      7FC        4      FF8       0
                config                             2007     2007        1        0       4
                text15                              49F      49F       6C      93E       0
                text14                              332      332       1D      664       0
                text13                              582      582       8D      B04       0
                text12                              60F      60F       A6      C1E       0
                text11                              50B      50B       77      A16       0
                text10                              414      414       3C      828       0
                text9                               3A7      3A7       32      74E       0
                text8                               37A      37A       2D      6F4       0
                text7                               31A      31A       18      634       0
                text6                               34F      34F       2B      69E       0
                text5                               2F2      2F2        6      5E4       0
                text4                               306      306       14      60C       0
                text3                               2F8      2F8        E      5F0       0
                text2                               3D9      3D9       3B      7B2       0
                text1                               450      450       4F      8A0       0
                maintext                            6B5      6B5      147      D6A       0
                cstackBANK0                          20       20       30       20       1
                cstackCOMMON                         70       70        E       70       1
                strings                               3        3       3A        6       0

TOTAL           Name                               Link     Load   Length     Space
        CLASS   CODE           
                end_init                              0        0        3         0
                cinit                               7FC      7FC        4         0
                text15                              49F      49F       6C         0
                text14                              332      332       1D         0
                text13                              582      582       8D         0
                text12                              60F      60F       A6         0
                text11                              50B      50B       77         0
                text10                              414      414       3C         0
                text9                               3A7      3A7       32         0
                text8                               37A      37A       2D         0
                text7                               31A      31A       18         0
                text6                               34F      34F       2B         0
                text5                               2F2      2F2        6         0
                text4                               306      306       14         0
                text3                               2F8      2F8        E         0
                text2                               3D9      3D9       3B         0
                text1                               450      450       4F         0
                maintext                            6B5      6B5      147         0

        CLASS   STRCODE        

        CLASS   STRING         
                strings                               3        3       3A         0

        CLASS   CONST          

        CLASS   ENTRY          

        CLASS   COMMON         
                cstackCOMMON                         70       70        E         1

        CLASS   BANK0          
                cstackBANK0                          20       20       30         1

        CLASS   BANK1          

        CLASS   BANK2          

        CLASS   BANK3          

        CLASS   RAM            

        CLASS   ABS1           
                abs_s1                               7E       7E        2         1

        CLASS   SFR0           

        CLASS   SFR1           

        CLASS   SFR2           

        CLASS   SFR3           

        CLASS   CONFIG         
                config                             2007     2007        1         4

        CLASS   IDLOC          

        CLASS   EEDATA         

        CLASS   HEAP           

        CLASS   STACK          



SEGMENTS        Name                           Load    Length   Top    Selector   Space  Class     Delta

                reset_vec                      000000  000003  000003         0       0  CODE        2
                strings                        000003  00003A  00003D         6       0  STRING      2
                cstackBANK0                    000020  000030  000050        20       1  BANK0       1
                cstackCOMMON                   000070  00000E  00007E        70       1  COMMON      1
                text5                          0002F2  000006  0002F8       5E4       0  CODE        2
                text3                          0002F8  00000E  000306       5F0       0  CODE        2
                text4                          000306  000014  00031A       60C       0  CODE        2
                text7                          00031A  000018  000332       634       0  CODE        2
                text14                         000332  00001D  00034F       664       0  CODE        2
                text6                          00034F  00002B  00037A       69E       0  CODE        2
                text8                          00037A  00002D  0003A7       6F4       0  CODE        2
                text9                          0003A7  000032  0003D9       74E       0  CODE        2
                text2                          0003D9  00003B  000414       7B2       0  CODE        2
                text10                         000414  00003C  000450       828       0  CODE        2
                text1                          000450  00004F  00049F       8A0       0  CODE        2
                text15                         00049F  00006C  00050B       93E       0  CODE        2
                text11                         00050B  000077  000582       A16       0  CODE        2
                text13                         000582  00008D  00060F       B04       0  CODE        2
                text12                         00060F  0000A6  0006B5       C1E       0  CODE        2
                maintext                       0006B5  000147  0007FC       D6A       0  CODE        2
                cinit                          0007FC  000004  000800       FF8       0  CODE        2


UNUSED ADDRESS RANGES

        Name                Unused          Largest block    Delta
        BANK0            0050-006F             20           1
        BANK1            00A0-00EF             50           1
        BANK2            0110-016F             60           1
        BANK3            0190-01EF             60           1
        CODE             003D-02F1            2B5           2
                         0800-1FFF            800
        CONST            003D-02F1            100           2
                         0800-1FFF            100
        EEDATA           2100-21FF            100           2
        ENTRY            003D-02F1            100           2
                         0800-1FFF            100
        IDLOC            2000-2003              4           2
        RAM              0050-006F             20           1
                         00A0-00EF             50
                         0110-016F             60
                         0190-01EF             60
        SFR0             0000-001F             20           1
        SFR1             0080-009F             20           1
        SFR2             0100-010F             10           1
        SFR3             0180-018F             10           1
        STRCODE          003D-02F1            2B5           2
                         0800-1FFF           1800
        STRING           003D-02F1            100           2
                         0800-1FFF            100

                                  Symbol Table

?___awtoft                  cstackCOMMON 0078
?___ftdiv                   cstackBANK0  002F
?___ftmul                   cstackBANK0  0020
?___ftpack                  cstackCOMMON 0070
?___fttol                   cstackBANK0  003E
?___lwdiv                   cstackCOMMON 0075
?___lwmod                   cstackCOMMON 0070
?_adc_deger_okuma           cstackCOMMON 0070
_ADCON0                     (abs)        001F
_ADCON1                     (abs)        009F
_ADRESH                     (abs)        001E
_ADRESL                     (abs)        009E
_CCP1CON                    (abs)        0017
_CCP1X                      (abs)        00BD
_CCP1Y                      (abs)        00BC
_CCPR1L                     (abs)        0015
_GO_nDONE                   (abs)        00FA
_PORTA                      (abs)        0005
_PORTB                      (abs)        0006
_PORTC                      (abs)        0007
_PORTD                      (abs)        0008
_PR2                        (abs)        0092
_RB0                        (abs)        0030
_RB1                        (abs)        0031
_RB2                        (abs)        0032
_RB6                        (abs)        0036
_RB7                        (abs)        0037
_RC3                        (abs)        003B
_RC4                        (abs)        003C
_RC5                        (abs)        003D
_RC6                        (abs)        003E
_T2CON                      (abs)        0012
_TMR2                       (abs)        0011
_TRISA                      (abs)        0085
_TRISB                      (abs)        0086
_TRISC                      (abs)        0087
_TRISD                      (abs)        0088
__H__absolute__             __absolute__ 0000
__Habs1                     abs1         0000
__Hbank0                    bank0        0000
__Hbank1                    bank1        0000
__Hbank2                    bank2        0000
__Hbank3                    bank3        0000
__Hcinit                    cinit        0800
__Hclrtext                  clrtext      0000
__Hcode                     code         0000
__Hcommon                   common       0000
__Hconfig                   config       2008
__HcstackBANK0              cstackBANK0  0000
__HcstackCOMMON             cstackCOMMON 0000
__Heeprom_data              eeprom_data  0000
__Hend_init                 end_init     0003
__Hfunctab                  functab      0000
__Hheap                     heap         0000
__Hinit                     init         0000
__Hintentry                 intentry     0000
__Hmaintext                 maintext     0000
__Hpowerup                  powerup      0000
__Hram                      ram          0000
__Hreset_vec                reset_vec    0000
__Hsfr0                     sfr0         0000
__Hsfr1                     sfr1         0000
__Hsfr2                     sfr2         0000
__Hsfr3                     sfr3         0000
__Hspace_0                  (abs)        0800
__Hspace_1                  (abs)        007E
__Hspace_2                  (abs)        0000
__Hspace_3                  (abs)        0000
__Hspace_4                  (abs)        400F
__Hstack                    stack        0000
__Hstrings                  strings      0000
__Htext                     text         0000
__L__absolute__             __absolute__ 0000
__Labs1                     abs1         0000
__Lbank0                    bank0        0000
__Lbank1                    bank1        0000
__Lbank2                    bank2        0000
__Lbank3                    bank3        0000
__Lcinit                    cinit        07FC
__Lclrtext                  clrtext      0000
__Lcode                     code         0000
__Lcommon                   common       0000
__Lconfig                   config       0000
__LcstackBANK0              cstackBANK0  0000
__LcstackCOMMON             cstackCOMMON 0000
__Leeprom_data              eeprom_data  0000
__Lend_init                 end_init     0000
__Lfunctab                  functab      0000
__Lheap                     heap         0000
__Linit                     init         0000
__Lintentry                 intentry     0000
__Lmaintext                 maintext     0000
__Lpowerup                  powerup      0000
__Lram                      ram          0000
__Lreset_vec                reset_vec    0000
__Lsfr0                     sfr0         0000
__Lsfr1                     sfr1         0000
__Lsfr2                     sfr2         0000
__Lsfr3                     sfr3         0000
__Lspace_0                  (abs)        0000
__Lspace_1                  (abs)        0000
__Lspace_2                  (abs)        0000
__Lspace_3                  (abs)        0000
__Lspace_4                  (abs)        0000
__Lstack                    stack        0000
__Lstrings                  strings      0000
__Ltext                     text         0000
__S0                        (abs)        0800
__S1                        (abs)        007E
__S3                        (abs)        0000
___awtoft                   text14       0332
___awtoft@c                 cstackCOMMON 0078
___awtoft@sign              cstackCOMMON 007B
___ftdiv                    text13       0582
___ftdiv@cntr               cstackBANK0  0038
___ftdiv@exp                cstackBANK0  003C
___ftdiv@f1                 cstackBANK0  0032
___ftdiv@f2                 cstackBANK0  002F
___ftdiv@f3                 cstackBANK0  0039
___ftdiv@sign               cstackBANK0  003D
___ftmul                    text12       060F
___ftmul@cntr               cstackBANK0  002D
___ftmul@exp                cstackBANK0  0029
___ftmul@f1                 cstackBANK0  0020
___ftmul@f2                 cstackBANK0  0023
___ftmul@f3_as_product      cstackBANK0  002A
___ftmul@sign               cstackBANK0  002E
___ftpack                   text15       049F
___ftpack@arg               cstackCOMMON 0070
___ftpack@exp               cstackCOMMON 0073
___ftpack@sign              cstackCOMMON 0074
___fttol                    text11       050B
___fttol@exp1               cstackBANK0  004A
___fttol@f1                 cstackBANK0  003E
___fttol@lval               cstackBANK0  0046
___fttol@sign1              cstackBANK0  0045
___heap_hi                  (abs)        0000
___heap_lo                  (abs)        0000
___int_sp                   stack        0000
___int_stack_hi             stack        0000
___int_stack_lo             stack        0000
___latbits                  (abs)        0002
___lwdiv                    text10       0414
___lwdiv@counter            cstackCOMMON 007B
___lwdiv@dividend           cstackCOMMON 0077
___lwdiv@divisor            cstackCOMMON 0075
___lwdiv@quotient           cstackCOMMON 0079
___lwmod                    text9        03A7
___lwmod@counter            cstackCOMMON 0074
___lwmod@dividend           cstackCOMMON 0072
___lwmod@divisor            cstackCOMMON 0070
___sp                       stack        0000
___stack_hi                 stack        0000
___stack_lo                 stack        0000
___stackhi                  (abs)        0000
___stacklo                  (abs)        0000
__end_of___awtoft           text14       034F
__end_of___ftdiv            text13       060F
__end_of___ftmul            text12       06B5
__end_of___ftpack           text15       050B
__end_of___fttol            text11       0582
__end_of___lwdiv            text10       0450
__end_of___lwmod            text9        03D9
__end_of__initialization    cinit        07FC
__end_of__stringtab         strings      0009
__end_of_adc_deger_okuma    text8        03A7
__end_of_bekle_milisaniye   text7        0332
__end_of_ekran_temizle      text3        0306
__end_of_imleci_ayarla      text4        031A
__end_of_komut_calistir     text6        037A
__end_of_komut_gonder       text5        02F8
__end_of_kutuphaneyi_baslat text2        0414
__end_of_main               maintext     07FC
__end_of_metin_yaz          text1        049F
__end_of_oran               strings      000C
__initialization            cinit        07FC
__pcstackBANK0              cstackBANK0  0020
__pcstackCOMMON             cstackCOMMON 0070
__pmaintext                 maintext     06B5
__pstrings                  strings      0003
__ptext1                    text1        0450
__ptext10                   text10       0414
__ptext11                   text11       050B
__ptext12                   text12       060F
__ptext13                   text13       0582
__ptext14                   text14       0332
__ptext15                   text15       049F
__ptext2                    text2        03D9
__ptext3                    text3        02F8
__ptext4                    text4        0306
__ptext5                    text5        02F2
__ptext6                    text6        034F
__ptext7                    text7        031A
__ptext8                    text8        037A
__ptext9                    text9        03A7
__stringbase                strings      0008
__stringtab                 strings      0003
_adc_deger_okuma            text8        037A
_bekle_milisaniye           text7        031A
_ekran_temizle              text3        02F8
_imleci_ayarla              text4        0306
_komut_calistir             text6        034F
_komut_gonder               text5        02F2
_kutuphaneyi_baslat         text2        03D9
_main                       maintext     06B5
_main$662                   cstackBANK0  004B
_metin_yaz                  text1        0450
adc_deger_okuma@kanal       cstackCOMMON 0074
bekle_milisaniye@i          cstackCOMMON 0073
bekle_milisaniye@milisaniye cstackCOMMON 0070
btemp                       (abs)        007E
end_of_initialization       cinit        07FC
imleci_ayarla@x             cstackCOMMON 0079
imleci_ayarla@y             cstackCOMMON 0078
intlevel0                   functab      0000
intlevel1                   functab      0000
intlevel2                   functab      0000
intlevel3                   functab      0000
intlevel4                   functab      0000
intlevel5                   functab      0000
komut_calistir@komut        cstackCOMMON 0076
komut_gonder@komut          cstackCOMMON 0077
main@V                      cstackBANK0  004E
metin_yaz@metin             cstackCOMMON 0076
reset_vec                   reset_vec    0000
start                       init         0000
start_initialization        cinit        07FC
wtemp0                      (abs)        007E


MODULE INFORMATION

Module		Function		Class		Link	Load	Size
C:\Program Files\Microchip\xc8\v2.45\pic\sources\c90\common\awtoft.c
		___awtoft      		CODE           	0332	0000	29

C:\Program Files\Microchip\xc8\v2.45\pic\sources\c90\common\awtoft.c estimated size: 29

C:\Program Files\Microchip\xc8\v2.45\pic\sources\c90\common\float.c
		___ftpack      		CODE           	049F	0000	108

C:\Program Files\Microchip\xc8\v2.45\pic\sources\c90\common\float.c estimated size: 108

C:\Program Files\Microchip\xc8\v2.45\pic\sources\c90\common\lwmod.c
		___lwmod       		CODE           	03A7	0000	50

C:\Program Files\Microchip\xc8\v2.45\pic\sources\c90\common\lwmod.c estimated size: 50

shared
		__stringtab    		STRING         	0003	0000	6
		_oran          		STRING         	0000	0000	0
		__initialization		CODE           	07FC	0000	1

shared estimated size: 7

C:\Program Files\Microchip\xc8\v2.45\pic\sources\c90\common\ftmul.c
		___ftmul       		CODE           	060F	0000	166

C:\Program Files\Microchip\xc8\v2.45\pic\sources\c90\common\ftmul.c estimated size: 166

C:\Program Files\Microchip\xc8\v2.45\pic\sources\c90\common\ftdiv.c
		___ftdiv       		CODE           	0582	0000	141

C:\Program Files\Microchip\xc8\v2.45\pic\sources\c90\common\ftdiv.c estimated size: 141

LCD_library.c
		_ekran_temizle 		CODE           	02F8	0000	14
		_kutuphaneyi_baslat		CODE           	03D9	0000	59
		_metin_yaz     		CODE           	0450	0000	79
		_bekle_milisaniye		CODE           	031A	0000	24
		_komut_calistir		CODE           	034F	0000	43
		_imleci_ayarla 		CODE           	0306	0000	20
		_komut_gonder  		CODE           	02F2	0000	6

LCD_library.c estimated size: 245

C:\Program Files\Microchip\xc8\v2.45\pic\sources\c90\common\lwdiv.c
		___lwdiv       		CODE           	0414	0000	60

C:\Program Files\Microchip\xc8\v2.45\pic\sources\c90\common\lwdiv.c estimated size: 60

main.c
		_adc_deger_okuma		CODE           	037A	0000	45
		_main          		CODE           	06B5	0000	327

main.c estimated size: 372

C:\Program Files\Microchip\xc8\v2.45\pic\sources\c90\common\fttol.c
		___fttol       		CODE           	050B	0000	119

C:\Program Files\Microchip\xc8\v2.45\pic\sources\c90\common\fttol.c estimated size: 119

