Microchip MPLAB XC8 Compiler V2.45

Linker command line:

-W-3 \
  --edf=C:\Program Files\Microchip\xc8\v2.45\pic\dat\20230818022343_en.msgs \
  -cn -h+dist/default/production\main.X.production.sym \
  --cmf=dist/default/production\main.X.production.cmf -z -Q16F877A \
  -oC:\Users\furkan\AppData\Local\Temp\xcAs13jo.\driver_tmp_3.obj \
  -Mdist/default/production/main.X.production.map \
  --md=C:\Users\furkan\AppData\Local\Temp\xcAs13jo.\driver_tmp_0.dat -E1 \
  -ver=XC8 Compiler -ACODE=00h-07FFhx4 -ASTRCODE=00h-01FFFh \
  -ASTRING=00h-0FFhx32 -ACONST=00h-0FFhx32 -AENTRY=00h-0FFhx32 \
  -ACOMMON=070h-07Fh -ABANK0=020h-06Fh -ABANK1=0A0h-0EFh \
  -ABANK2=0110h-016Fh -ABANK3=0190h-01EFh \
  -ARAM=020h-06Fh,0A0h-0EFh,0110h-016Fh,0190h-01EFh \
  -AABS1=020h-07Fh,0A0h-0EFh,0110h-016Fh,0190h-01EFh -ASFR0=00h-01Fh \
  -ASFR1=080h-09Fh -ASFR2=0100h-010Fh -ASFR3=0180h-018Fh \
  -ACONFIG=02007h-02007h -DCONFIG=2 -AIDLOC=02000h-02003h -DIDLOC=2 \
  -AEEDATA=00h-0FFh/02100h -peeprom_data=EEDATA -DEEDATA=2 -DCODE=2 \
  -DSTRCODE=2 -DSTRING=2 -DCONST=2 -DENTRY=2 \
  -preset_vec=00h,intentry,init,end_init -ppowerup=CODE -pcinit=CODE \
  -pfunctab=ENTRY -k \
  C:\Users\furkan\AppData\Local\Temp\xcAs13jo.\driver_tmp_13.obj \
  dist/default/production\main.X.production.obj 

Object code version is 3.11

Machine type is 16F877A



                Name                               Link     Load   Length Selector   Space Scale
C:\Users\furkan\AppData\Local\Temp\xcAs13jo.\driver_tmp_13.obj
                end_init                              0        0        3        0       0
                config                             2007     2007        1        0       4
dist/default/production\main.X.production.obj
                cinit                               7FC      7FC        4      FF8       0
                config                             2007     2007        1        0       4
                text8                               704      704       3C      E08       0
                text7                               697      697       32      D2E       0
                text6                               642      642       1C      C84       0
                text5                               61E      61E       11      C3C       0
                text4                               65E      65E       1C      CBC       0
                text3                               62F      62F       13      C5E       0
                text2                               740      740       BC      E80       0
                text1                               67A      67A       1D      CF4       0
                maintext                            6C9      6C9       3B      D92       0
                cstackBANK0                          20       20        2       20       1
                cstackCOMMON                         70       70        E       70       1
                strings                               3        3       37        6       0

TOTAL           Name                               Link     Load   Length     Space
        CLASS   CODE           
                end_init                              0        0        3         0
                cinit                               7FC      7FC        4         0
                text8                               704      704       3C         0
                text7                               697      697       32         0
                text6                               642      642       1C         0
                text5                               61E      61E       11         0
                text4                               65E      65E       1C         0
                text3                               62F      62F       13         0
                text2                               740      740       BC         0
                text1                               67A      67A       1D         0
                maintext                            6C9      6C9       3B         0

        CLASS   STRCODE        

        CLASS   STRING         
                strings                               3        3       37         0

        CLASS   CONST          

        CLASS   ENTRY          

        CLASS   COMMON         
                cstackCOMMON                         70       70        E         1

        CLASS   BANK0          
                cstackBANK0                          20       20        2         1

        CLASS   BANK1          

        CLASS   BANK2          

        CLASS   BANK3          

        CLASS   RAM            

        CLASS   ABS1           
                abs_s1                               7E       7E        2         1

        CLASS   SFR0           

        CLASS   SFR1           

        CLASS   SFR2           

        CLASS   SFR3           

        CLASS   CONFIG         
                config                             2007     2007        1         4

        CLASS   IDLOC          

        CLASS   EEDATA         

        CLASS   HEAP           

        CLASS   STACK          



SEGMENTS        Name                           Load    Length   Top    Selector   Space  Class     Delta

                reset_vec                      000000  000003  000003         0       0  CODE        2
                strings                        000003  000037  00003A         6       0  STRING      2
                cstackBANK0                    000020  000002  000022        20       1  BANK0       1
                cstackCOMMON                   000070  00000E  00007E        70       1  COMMON      1
                text5                          00061E  000011  00062F       C3C       0  CODE        2
                text3                          00062F  000013  000642       C5E       0  CODE        2
                text6                          000642  00001C  00065E       C84       0  CODE        2
                text4                          00065E  00001C  00067A       CBC       0  CODE        2
                text1                          00067A  00001D  000697       CF4       0  CODE        2
                text7                          000697  000032  0006C9       D2E       0  CODE        2
                maintext                       0006C9  00003B  000704       D92       0  CODE        2
                text8                          000704  00003C  000740       E08       0  CODE        2
                text2                          000740  0000BC  0007FC       E80       0  CODE        2
                cinit                          0007FC  000004  000800       FF8       0  CODE        2


UNUSED ADDRESS RANGES

        Name                Unused          Largest block    Delta
        BANK0            0022-006F             4E           1
        BANK1            00A0-00EF             50           1
        BANK2            0110-016F             60           1
        BANK3            0190-01EF             60           1
        CODE             003A-061D            5E4           2
                         0800-1FFF            800
        CONST            003A-061D            100           2
                         0800-1FFF            100
        EEDATA           2100-21FF            100           2
        ENTRY            003A-061D            100           2
                         0800-1FFF            100
        IDLOC            2000-2003              4           2
        RAM              0022-006F             4E           1
                         00A0-00EF             50
                         0110-016F             60
                         0190-01EF             60
        SFR0             0000-001F             20           1
        SFR1             0080-009F             20           1
        SFR2             0100-010F             10           1
        SFR3             0180-018F             10           1
        STRCODE          003A-061D            5E4           2
                         0800-1FFF           1800
        STRING           003A-061D            100           2
                         0800-1FFF            100

                                  Symbol Table

?___lwdiv                cstackCOMMON 0070
?___lwmod                cstackCOMMON 0077
_ADCON0                  (abs)        001F
_ADCON1                  (abs)        009F
_ADRESH                  (abs)        001E
_ADRESL                  (abs)        009E
_GO_nDONE                (abs)        00FA
_PORTD                   (abs)        0008
_RA1                     (abs)        0029
_RA2                     (abs)        002A
_RB0                     (abs)        0030
_RB1                     (abs)        0031
_RB2                     (abs)        0032
_TRISA0                  (abs)        0428
_TRISB                   (abs)        0086
_TRISD                   (abs)        0088
__H__absolute__          __absolute__ 0000
__Habs1                  abs1         0000
__Hbank0                 bank0        0000
__Hbank1                 bank1        0000
__Hbank2                 bank2        0000
__Hbank3                 bank3        0000
__Hcinit                 cinit        0800
__Hclrtext               clrtext      0000
__Hcode                  code         0000
__Hcommon                common       0000
__Hconfig                config       2008
__HcstackBANK0           cstackBANK0  0000
__HcstackCOMMON          cstackCOMMON 0000
__Heeprom_data           eeprom_data  0000
__Hend_init              end_init     0003
__Hfunctab               functab      0000
__Hheap                  heap         0000
__Hinit                  init         0000
__Hintentry              intentry     0000
__Hmaintext              maintext     0000
__Hpowerup               powerup      0000
__Hram                   ram          0000
__Hreset_vec             reset_vec    0000
__Hsfr0                  sfr0         0000
__Hsfr1                  sfr1         0000
__Hsfr2                  sfr2         0000
__Hsfr3                  sfr3         0000
__Hspace_0               (abs)        0800
__Hspace_1               (abs)        007E
__Hspace_2               (abs)        0000
__Hspace_3               (abs)        0000
__Hspace_4               (abs)        400F
__Hstack                 stack        0000
__Hstrings               strings      0000
__Htext                  text         0000
__L__absolute__          __absolute__ 0000
__Labs1                  abs1         0000
__Lbank0                 bank0        0000
__Lbank1                 bank1        0000
__Lbank2                 bank2        0000
__Lbank3                 bank3        0000
__Lcinit                 cinit        07FC
__Lclrtext               clrtext      0000
__Lcode                  code         0000
__Lcommon                common       0000
__Lconfig                config       0000
__LcstackBANK0           cstackBANK0  0000
__LcstackCOMMON          cstackCOMMON 0000
__Leeprom_data           eeprom_data  0000
__Lend_init              end_init     0000
__Lfunctab               functab      0000
__Lheap                  heap         0000
__Linit                  init         0000
__Lintentry              intentry     0000
__Lmaintext              maintext     0000
__Lpowerup               powerup      0000
__Lram                   ram          0000
__Lreset_vec             reset_vec    0000
__Lsfr0                  sfr0         0000
__Lsfr1                  sfr1         0000
__Lsfr2                  sfr2         0000
__Lsfr3                  sfr3         0000
__Lspace_0               (abs)        0000
__Lspace_1               (abs)        0000
__Lspace_2               (abs)        0000
__Lspace_3               (abs)        0000
__Lspace_4               (abs)        0000
__Lstack                 stack        0000
__Lstrings               strings      0000
__Ltext                  text         0000
__S0                     (abs)        0800
__S1                     (abs)        007E
__S3                     (abs)        0000
___heap_hi               (abs)        0000
___heap_lo               (abs)        0000
___int_sp                stack        0000
___int_stack_hi          stack        0000
___int_stack_lo          stack        0000
___latbits               (abs)        0002
___lwdiv                 text8        0704
___lwdiv@counter         cstackCOMMON 0076
___lwdiv@dividend        cstackCOMMON 0072
___lwdiv@divisor         cstackCOMMON 0070
___lwdiv@quotient        cstackCOMMON 0074
___lwmod                 text7        0697
___lwmod@counter         cstackCOMMON 007B
___lwmod@dividend        cstackCOMMON 0079
___lwmod@divisor         cstackCOMMON 0077
___sp                    stack        0000
___stack_hi              stack        0000
___stack_lo              stack        0000
___stackhi               (abs)        0000
___stacklo               (abs)        0000
__end_of___lwdiv         text8        0740
__end_of___lwmod         text7        06C9
__end_of__initialization cinit        07FC
__end_of__stringtab      strings      0009
__end_of_adcOku          text2        07FC
__end_of_bekle           text6        065E
__end_of_ekrandaGoster   text4        067A
__end_of_komut           text3        0642
__end_of_lcdBaslangic    text1        0697
__end_of_main            maintext     0704
__end_of_veri            text5        062F
__initialization         cinit        07FC
__pcstackBANK0           cstackBANK0  0020
__pcstackCOMMON          cstackCOMMON 0070
__pmaintext              maintext     06C9
__pstrings               strings      0003
__ptext1                 text1        067A
__ptext2                 text2        0740
__ptext3                 text3        062F
__ptext4                 text4        065E
__ptext5                 text5        061E
__ptext6                 text6        0642
__ptext7                 text7        0697
__ptext8                 text8        0704
__stringbase             strings      0008
__stringtab              strings      0003
_adcOku                  text2        0740
_bekle                   text6        0642
_ekrandaGoster           text4        065E
_komut                   text3        062F
_lcdBaslangic            text1        067A
_main                    maintext     06C9
_veri                    text5        061E
adcOku@adcDeger          cstackBANK0  0020
bekle@i                  cstackCOMMON 0073
bekle@milisaniye         cstackCOMMON 0070
btemp                    (abs)        007E
ekrandaGoster@metin      cstackCOMMON 0076
end_of_initialization    cinit        07FC
intlevel0                functab      0000
intlevel1                functab      0000
intlevel2                functab      0000
intlevel3                functab      0000
intlevel4                functab      0000
intlevel5                functab      0000
komut@a                  cstackCOMMON 0075
reset_vec                reset_vec    0000
start                    init         0000
start_initialization     cinit        07FC
veri@b                   cstackCOMMON 0075
wtemp0                   (abs)        007E


MODULE INFORMATION

Module		Function		Class		Link	Load	Size
newmain.c
		_main          		CODE           	06C9	0000	59
		_komut         		CODE           	062F	0000	19
		_veri          		CODE           	061E	0000	17
		_bekle         		CODE           	0642	0000	28
		_ekrandaGoster 		CODE           	065E	0000	28
		_lcdBaslangic  		CODE           	067A	0000	29
		_adcOku        		CODE           	0740	0000	188

newmain.c estimated size: 368

C:\Program Files\Microchip\xc8\v2.45\pic\sources\c90\common\lwmod.c
		___lwmod       		CODE           	0697	0000	50

C:\Program Files\Microchip\xc8\v2.45\pic\sources\c90\common\lwmod.c estimated size: 50

shared
		__stringtab    		STRING         	0003	0000	6
		__initialization		CODE           	07FC	0000	1

shared estimated size: 7

C:\Program Files\Microchip\xc8\v2.45\pic\sources\c90\common\lwdiv.c
		___lwdiv       		CODE           	0704	0000	60

C:\Program Files\Microchip\xc8\v2.45\pic\sources\c90\common\lwdiv.c estimated size: 60

