MPLINK 5.08, LINKER
Linker Map File - Created Fri Nov 17 19:14:21 2023

                                 Section Info
                  Section       Type    Address   Location Size(Bytes)
                ---------  ---------  ---------  ---------  ---------
                 RES_VECT       code   0x000000    program   0x00001e
                   .cinit    romdata   0x00000f    program   0x000004
.config_2007_BUILD/DEFAULT/PRODUCTION/MAIN.O       code   0x002007    program   0x000002



                              Program Memory Usage 
                               Start         End      
                           ---------   ---------      
                            0x000000    0x000010      
                            0x002007    0x002007      
            18 out of 8454 program addresses used, program memory utilization is 0%



                              Symbols - Sorted by Name
                     Name    Address   Location    Storage File                     
                ---------  ---------  ---------  --------- ---------                
                 BUTONBAS   0x000008    program     static C:\Users\furkan\Desktop\mikro_lablar\deney_no_4.X\main.asm
                 BUTONCEK   0x00000a    program     static C:\Users\furkan\Desktop\mikro_lablar\deney_no_4.X\main.asm
                MAIN_PROG   0x000001    program     static C:\Users\furkan\Desktop\mikro_lablar\deney_no_4.X\main.asm
                    START   0x000001    program     static C:\Users\furkan\Desktop\mikro_lablar\deney_no_4.X\main.asm
                            0x00000f    program     static C:\Users\furkan\Desktop\mikro_lablar\deney_no_4.X\main.asm



                              Symbols - Sorted by Address
                     Name    Address   Location    Storage File                     
                ---------  ---------  ---------  --------- ---------                
                MAIN_PROG   0x000001    program     static C:\Users\furkan\Desktop\mikro_lablar\deney_no_4.X\main.asm
                    START   0x000001    program     static C:\Users\furkan\Desktop\mikro_lablar\deney_no_4.X\main.asm
                 BUTONBAS   0x000008    program     static C:\Users\furkan\Desktop\mikro_lablar\deney_no_4.X\main.asm
                 BUTONCEK   0x00000a    program     static C:\Users\furkan\Desktop\mikro_lablar\deney_no_4.X\main.asm
                            0x00000f    program     static C:\Users\furkan\Desktop\mikro_lablar\deney_no_4.X\main.asm


